19:5 identifier‹wombat›
    Type: 1:1 identifier‹Unknown›
        Type: 1:1 identifier‹Type›
19:5 identifier‹wombat›
    Type: 1:1 identifier‹Unknown›
        Type: 1:1 identifier‹Type›
19:5 identifier‹wombat›
    Type: 1:1 identifier‹Unknown›
        Type: 1:1 identifier‹Type›
19:5 identifier‹wombat›
    Type: 1:1 identifier‹Unknown›
        Type: 1:1 identifier‹Type›
